2025-12-02 15:35:08,608 - fastapi_app - INFO - Request: GET http://localhost:8001/docs | Headers: {'host': 'localhost:8001', 'connection': 'keep-alive', 'sec-ch-ua': '"Chromium";v="142", "Google Chrome";v="142", "Not_A Brand";v="99"', 'sec-ch-ua-mobile': '?0', 'sec-ch-ua-platform': '"Windows"', 'upgrade-insecure-requests': '1', 'user-agent': 'Mozilla/5.0 (Windows NT 10.0; Win64; x64) AppleWebKit/537.36 (KHTML, like Gecko) Chrome/142.0.0.0 Safari/537.36', 'accept': 'text/html,application/xhtml+xml,application/xml;q=0.9,image/avif,image/webp,image/apng,*/*;q=0.8,application/signed-exchange;v=b3;q=0.7', 'sec-fetch-site': 'none', 'sec-fetch-mode': 'navigate', 'sec-fetch-user': '?1', 'sec-fetch-dest': 'document', 'accept-encoding': 'gzip, deflate, br, zstd', 'accept-language': 'en-US,en;q=0.9', 'cookie': '_ga=GA1.1.207132816.1746933210; _ga_9M1EVKV2JZ=GS2.1.s1746948994$o2$g1$t1746951968$j0$l0$h0'} | Query Params: {}
2025-12-02 15:35:08,630 - fastapi_app - INFO - Response: GET http://localhost:8001/docs | Status: 200 | Request ID: 109b5f0e-340a-4f04-80f0-4188b85c2b1b
2025-12-02 15:35:09,657 - fastapi_app - INFO - Request: GET http://localhost:8001/openapi.json | Headers: {'host': 'localhost:8001', 'connection': 'keep-alive', 'sec-ch-ua-platform': '"Windows"', 'user-agent': 'Mozilla/5.0 (Windows NT 10.0; Win64; x64) AppleWebKit/537.36 (KHTML, like Gecko) Chrome/142.0.0.0 Safari/537.36', 'accept': 'application/json,*/*', 'sec-ch-ua': '"Chromium";v="142", "Google Chrome";v="142", "Not_A Brand";v="99"', 'sec-ch-ua-mobile': '?0', 'sec-fetch-site': 'same-origin', 'sec-fetch-mode': 'cors', 'sec-fetch-dest': 'empty', 'referer': 'http://localhost:8001/docs', 'accept-encoding': 'gzip, deflate, br, zstd', 'accept-language': 'en-US,en;q=0.9', 'cookie': '_ga=GA1.1.207132816.1746933210; _ga_9M1EVKV2JZ=GS2.1.s1746948994$o2$g1$t1746951968$j0$l0$h0'} | Query Params: {}
2025-12-02 15:35:09,790 - fastapi - WARNING - email-validator not installed, email fields will be treated as str.
To install, run: pip install email-validator
2025-12-02 15:35:09,820 - fastapi_app - INFO - Response: GET http://localhost:8001/openapi.json | Status: 200 | Request ID: b022325f-4866-406b-843b-1c48ce23bd01
2025-12-02 15:35:28,540 - fastapi_app - INFO - Request: GET http://localhost:8001/convert_video_to_pdf?youtube_url=https%3A%2F%2Fwww.youtube.com%2Fwatch%3Fv%3DS6wc6yvoZLY&time_interval=1 | Headers: {'host': 'localhost:8001', 'connection': 'keep-alive', 'sec-ch-ua-platform': '"Windows"', 'user-agent': 'Mozilla/5.0 (Windows NT 10.0; Win64; x64) AppleWebKit/537.36 (KHTML, like Gecko) Chrome/142.0.0.0 Safari/537.36', 'accept': 'application/json', 'sec-ch-ua': '"Chromium";v="142", "Google Chrome";v="142", "Not_A Brand";v="99"', 'sec-ch-ua-mobile': '?0', 'sec-fetch-site': 'same-origin', 'sec-fetch-mode': 'cors', 'sec-fetch-dest': 'empty', 'referer': 'http://localhost:8001/docs', 'accept-encoding': 'gzip, deflate, br, zstd', 'accept-language': 'en-US,en;q=0.9', 'cookie': '_ga=GA1.1.207132816.1746933210; _ga_9M1EVKV2JZ=GS2.1.s1746948994$o2$g1$t1746951968$j0$l0$h0'} | Query Params: {'youtube_url': 'https://www.youtube.com/watch?v=S6wc6yvoZLY', 'time_interval': '1'}
2025-12-02 15:35:28,559 - fastapi_app - INFO - Starting video to PDF conversion for URL: https://www.youtube.com/watch?v=S6wc6yvoZLY
2025-12-02 15:35:28,570 - fastapi_app - INFO - Created temporary directory: temp_video_96511be9-65d2-4598-ae5d-d449848eab25
2025-12-02 15:35:37,528 - fastapi_app - INFO - Video info - Title: AI agents are paying each other now…, Duration: 290s
2025-12-02 15:35:37,533 - fastapi_app - INFO - Starting video download...
2025-12-02 15:35:50,539 - fastapi_app - ERROR - Video processing error: Error downloading video: Failed to download video: [0;31mERROR:[0m You have requested merging of multiple formats but ffmpeg is not installed. Aborting due to --abort-on-error
2025-12-02 15:35:50,544 - fastapi_app - ERROR - Error during cleanup: name 'shutil' is not defined
2025-12-02 15:35:50,546 - fastapi_app - INFO - Response: GET http://localhost:8001/convert_video_to_pdf?youtube_url=https%3A%2F%2Fwww.youtube.com%2Fwatch%3Fv%3DS6wc6yvoZLY&time_interval=1 | Status: 400 | Request ID: 90c1705f-a5e8-47fc-80c8-54cd0647ab24
2025-12-02 15:37:58,716 - main - INFO - Request: GET http://localhost:8001/docs | Headers: {'host': 'localhost:8001', 'connection': 'keep-alive', 'sec-ch-ua': '"Chromium";v="142", "Google Chrome";v="142", "Not_A Brand";v="99"', 'sec-ch-ua-mobile': '?0', 'sec-ch-ua-platform': '"Windows"', 'upgrade-insecure-requests': '1', 'user-agent': 'Mozilla/5.0 (Windows NT 10.0; Win64; x64) AppleWebKit/537.36 (KHTML, like Gecko) Chrome/142.0.0.0 Safari/537.36', 'accept': 'text/html,application/xhtml+xml,application/xml;q=0.9,image/avif,image/webp,image/apng,*/*;q=0.8,application/signed-exchange;v=b3;q=0.7', 'sec-fetch-site': 'none', 'sec-fetch-mode': 'navigate', 'sec-fetch-user': '?1', 'sec-fetch-dest': 'document', 'accept-encoding': 'gzip, deflate, br, zstd', 'accept-language': 'en-US,en;q=0.9', 'cookie': '_ga=GA1.1.207132816.1746933210; _ga_9M1EVKV2JZ=GS2.1.s1746948994$o2$g1$t1746951968$j0$l0$h0'} | Query Params: {}
2025-12-02 15:37:58,720 - main - INFO - Response: GET http://localhost:8001/docs | Status: 200 | Request ID: 0661acce-e3bb-41d4-93ae-1a55e31f4705
2025-12-02 15:37:59,190 - main - INFO - Request: GET http://localhost:8001/openapi.json | Headers: {'host': 'localhost:8001', 'connection': 'keep-alive', 'sec-ch-ua-platform': '"Windows"', 'user-agent': 'Mozilla/5.0 (Windows NT 10.0; Win64; x64) AppleWebKit/537.36 (KHTML, like Gecko) Chrome/142.0.0.0 Safari/537.36', 'accept': 'application/json,*/*', 'sec-ch-ua': '"Chromium";v="142", "Google Chrome";v="142", "Not_A Brand";v="99"', 'sec-ch-ua-mobile': '?0', 'sec-fetch-site': 'same-origin', 'sec-fetch-mode': 'cors', 'sec-fetch-dest': 'empty', 'referer': 'http://localhost:8001/docs', 'accept-encoding': 'gzip, deflate, br, zstd', 'accept-language': 'en-US,en;q=0.9', 'cookie': '_ga=GA1.1.207132816.1746933210; _ga_9M1EVKV2JZ=GS2.1.s1746948994$o2$g1$t1746951968$j0$l0$h0'} | Query Params: {}
2025-12-02 15:37:59,233 - fastapi - WARNING - email-validator not installed, email fields will be treated as str.
To install, run: pip install email-validator
2025-12-02 15:37:59,242 - main - INFO - Response: GET http://localhost:8001/openapi.json | Status: 200 | Request ID: eb08d79b-275e-4ab2-a80f-e458c6c4fa55
2025-12-02 15:42:12,605 - main - INFO - Request: GET http://localhost:8001/docs | Headers: {'host': 'localhost:8001', 'connection': 'keep-alive', 'cache-control': 'max-age=0', 'sec-ch-ua': '"Chromium";v="142", "Google Chrome";v="142", "Not_A Brand";v="99"', 'sec-ch-ua-mobile': '?0', 'sec-ch-ua-platform': '"Windows"', 'upgrade-insecure-requests': '1', 'user-agent': 'Mozilla/5.0 (Windows NT 10.0; Win64; x64) AppleWebKit/537.36 (KHTML, like Gecko) Chrome/142.0.0.0 Safari/537.36', 'accept': 'text/html,application/xhtml+xml,application/xml;q=0.9,image/avif,image/webp,image/apng,*/*;q=0.8,application/signed-exchange;v=b3;q=0.7', 'sec-fetch-site': 'same-origin', 'sec-fetch-mode': 'navigate', 'sec-fetch-user': '?1', 'sec-fetch-dest': 'document', 'accept-encoding': 'gzip, deflate, br, zstd', 'accept-language': 'en-US,en;q=0.9', 'cookie': '_ga=GA1.1.207132816.1746933210; _ga_9M1EVKV2JZ=GS2.1.s1746948994$o2$g1$t1746951968$j0$l0$h0'} | Query Params: {}
2025-12-02 15:42:12,614 - main - INFO - Response: GET http://localhost:8001/docs | Status: 200 | Request ID: ea053294-6e2d-4ccd-a0cb-a135e4cbfb70
2025-12-02 15:42:16,162 - main - INFO - Request: GET http://localhost:8001/openapi.json | Headers: {'host': 'localhost:8001', 'connection': 'keep-alive', 'sec-ch-ua-platform': '"Windows"', 'user-agent': 'Mozilla/5.0 (Windows NT 10.0; Win64; x64) AppleWebKit/537.36 (KHTML, like Gecko) Chrome/142.0.0.0 Safari/537.36', 'accept': 'application/json,*/*', 'sec-ch-ua': '"Chromium";v="142", "Google Chrome";v="142", "Not_A Brand";v="99"', 'sec-ch-ua-mobile': '?0', 'sec-fetch-site': 'same-origin', 'sec-fetch-mode': 'cors', 'sec-fetch-dest': 'empty', 'referer': 'http://localhost:8001/docs', 'accept-encoding': 'gzip, deflate, br, zstd', 'accept-language': 'en-US,en;q=0.9', 'cookie': '_ga=GA1.1.207132816.1746933210; _ga_9M1EVKV2JZ=GS2.1.s1746948994$o2$g1$t1746951968$j0$l0$h0'} | Query Params: {}
2025-12-02 15:42:16,165 - main - INFO - Response: GET http://localhost:8001/openapi.json | Status: 200 | Request ID: 3a30ab30-5b14-48f0-a8b9-7ca0bdfac3c7
2025-12-02 15:42:34,826 - main - INFO - Request: GET http://localhost:8001/convert_video_to_pdf?youtube_url=https%3A%2F%2Fwww.youtube.com%2Fwatch%3Fv%3DS6wc6yvoZLY&time=2&time_interval=2 | Headers: {'host': 'localhost:8001', 'connection': 'keep-alive', 'sec-ch-ua-platform': '"Windows"', 'user-agent': 'Mozilla/5.0 (Windows NT 10.0; Win64; x64) AppleWebKit/537.36 (KHTML, like Gecko) Chrome/142.0.0.0 Safari/537.36', 'accept': 'application/json', 'sec-ch-ua': '"Chromium";v="142", "Google Chrome";v="142", "Not_A Brand";v="99"', 'sec-ch-ua-mobile': '?0', 'sec-fetch-site': 'same-origin', 'sec-fetch-mode': 'cors', 'sec-fetch-dest': 'empty', 'referer': 'http://localhost:8001/docs', 'accept-encoding': 'gzip, deflate, br, zstd', 'accept-language': 'en-US,en;q=0.9', 'cookie': '_ga=GA1.1.207132816.1746933210; _ga_9M1EVKV2JZ=GS2.1.s1746948994$o2$g1$t1746951968$j0$l0$h0'} | Query Params: {'youtube_url': 'https://www.youtube.com/watch?v=S6wc6yvoZLY', 'time': '2', 'time_interval': '2'}
2025-12-02 15:42:34,837 - main - INFO - Starting video to PDF conversion for URL: https://www.youtube.com/watch?v=S6wc6yvoZLY
2025-12-02 15:42:34,852 - main - INFO - Created temporary directory: temp_video_61b3a33d
2025-12-02 15:42:49,472 - main - INFO - Video info - Title: AI agents are paying each other now…, Duration: 290s
2025-12-02 15:42:49,518 - main - INFO - Starting video download...
2025-12-02 15:43:00,811 - main - ERROR - Video processing error: Error downloading video: Failed to download video: [0;31mERROR:[0m You have requested merging of multiple formats but ffmpeg is not installed. Aborting due to --abort-on-error
2025-12-02 15:43:00,826 - main - ERROR - Error during cleanup: name 'shutil' is not defined
2025-12-02 15:43:00,828 - asyncio - ERROR - Task exception was never retrieved
future: <Task finished name='Task-18' coro=<background_conversion() done, defined at C:\Users\Hammad\Desktop\Code\Shared Projects\YtGlancer.com\youtube-video-to-pdf-api\main.py:596> exception=VideoDownloadError('Error downloading video: Failed to download video: \x1b[0;31mERROR:\x1b[0m You have requested merging of multiple formats but ffmpeg is not installed. Aborting due to --abort-on-error')>
Traceback (most recent call last):
  File "C:\Users\Hammad\Desktop\Code\Shared Projects\YtGlancer.com\youtube-video-to-pdf-api\main.py", line 450, in download_video_async
    status_code=status.HTTP_403_FORBIDDEN
        ^^^^^^^^^^^^^^^^^^^^^^^^^^^^^^^^^
  File "C:\Users\Hammad\AppData\Local\Programs\Python\Python313\Lib\site-packages\yt_dlp\YoutubeDL.py", line 1685, in extract_info
    return self.__extract_info(url, self.get_info_extractor(key), download, extra_info, process)
           ~~~~~~~~~~~~~~~~~~~^^^^^^^^^^^^^^^^^^^^^^^^^^^^^^^^^^^^^^^^^^^^^^^^^^^^^^^^^^^^^^^^^^
  File "C:\Users\Hammad\AppData\Local\Programs\Python\Python313\Lib\site-packages\yt_dlp\YoutubeDL.py", line 1696, in wrapper
    return func(self, *args, **kwargs)
  File "C:\Users\Hammad\AppData\Local\Programs\Python\Python313\Lib\site-packages\yt_dlp\YoutubeDL.py", line 1852, in __extract_info
    return self.process_ie_result(ie_result, download, extra_info)
           ~~~~~~~~~~~~~~~~~~~~~~^^^^^^^^^^^^^^^^^^^^^^^^^^^^^^^^^
  File "C:\Users\Hammad\AppData\Local\Programs\Python\Python313\Lib\site-packages\yt_dlp\YoutubeDL.py", line 1911, in process_ie_result
    ie_result = self.process_video_result(ie_result, download=download)
  File "C:\Users\Hammad\AppData\Local\Programs\Python\Python313\Lib\site-packages\yt_dlp\YoutubeDL.py", line 3089, in process_video_result
    self.process_info(new_info)
    ~~~~~~~~~~~~~~~~~^^^^^^^^^^
  File "C:\Users\Hammad\AppData\Local\Programs\Python\Python313\Lib\site-packages\yt_dlp\YoutubeDL.py", line 189, in wrapper
    return func(self, *args, **kwargs)
  File "C:\Users\Hammad\AppData\Local\Programs\Python\Python313\Lib\site-packages\yt_dlp\YoutubeDL.py", line 3494, in process_info
    self.report_error(f'{msg}. Aborting due to --abort-on-error')
    ~~~~~~~~~~~~~~~~~^^^^^^^^^^^^^^^^^^^^^^^^^^^^^^^^^^^^^^^^^^^^
  File "C:\Users\Hammad\AppData\Local\Programs\Python\Python313\Lib\site-packages\yt_dlp\YoutubeDL.py", line 1154, in report_error
    self.trouble(f'{self._format_err("ERROR:", self.Styles.ERROR)} {message}', *args, **kwargs)
    ~~~~~~~~~~~~^^^^^^^^^^^^^^^^^^^^^^^^^^^^^^^^^^^^^^^^^^^^^^^^^^^^^^^^^^^^^^^^^^^^^^^^^^^^^^^
  File "C:\Users\Hammad\AppData\Local\Programs\Python\Python313\Lib\site-packages\yt_dlp\YoutubeDL.py", line 1093, in trouble
    raise DownloadError(message, exc_info)
yt_dlp.utils.DownloadError: [0;31mERROR:[0m You have requested merging of multiple formats but ffmpeg is not installed. Aborting due to --abort-on-error

During handling of the above exception, another exception occurred:

Traceback (most recent call last):
  File "C:\Users\Hammad\Desktop\Code\Shared Projects\YtGlancer.com\youtube-video-to-pdf-api\main.py", line 647, in background_conversion
    logger.info(f"Video downloaded successfully: {video_path}")
                 ^^^^^^^^^^^^^^^^^^^^^^^^^^^^^^^^^^^^^^^^^^^^^^
  File "C:\Users\Hammad\Desktop\Code\Shared Projects\YtGlancer.com\youtube-video-to-pdf-api\main.py", line 480, in download_video_async
            logger.info(f"Downloaded video: {video_path} (Size: {file_size/1024/1024:.2f}MB)")
            ^^^^^^^^^^^^^^^^^^^^^^^^^^^^^^^^^^^^^^^^^^^^^^^^^^^^^^^^^^^^^^^^^^^^^^^^^^^^^^^^^^
    ...<2 lines>...
    except yt_dlp.DownloadError as e:
    ^^^^^
main.VideoDownloadError: Failed to download video: [0;31mERROR:[0m You have requested merging of multiple formats but ffmpeg is not installed. Aborting due to --abort-on-error

During handling of the above exception, another exception occurred:

Traceback (most recent call last):
  File "C:\Users\Hammad\Desktop\Code\Shared Projects\YtGlancer.com\youtube-video-to-pdf-api\main.py", line 655, in background_conversion
    ProgressManager.update_progress(task_id, "extracting", 50, "Extracting frames from video...")
        ^^^^^^^^^^^^^^^^^^^^^^^^^^^^^^^^^^^^^^^^^^^^^^^^^^^^^^^^^^^^^^^^^^^^^^^^^^^^^^^^^^^^^^^^^
    ...<2 lines>...
        await extract_frames_async(video_path, video_folder, time_interval)
        ^
main.VideoDownloadError: Error downloading video: Failed to download video: [0;31mERROR:[0m You have requested merging of multiple formats but ffmpeg is not installed. Aborting due to --abort-on-error
2025-12-02 15:43:00,996 - main - INFO - Response: GET http://localhost:8001/convert_video_to_pdf?youtube_url=https%3A%2F%2Fwww.youtube.com%2Fwatch%3Fv%3DS6wc6yvoZLY&time=2&time_interval=2 | Status: 200 | Request ID: 5d76a0f7-14c2-4c7c-84ee-7646720d6b19
2025-12-02 15:44:10,533 - main - INFO - Request: GET http://localhost:8001/docs | Headers: {'host': 'localhost:8001', 'connection': 'keep-alive', 'cache-control': 'max-age=0', 'sec-ch-ua': '"Chromium";v="142", "Google Chrome";v="142", "Not_A Brand";v="99"', 'sec-ch-ua-mobile': '?0', 'sec-ch-ua-platform': '"Windows"', 'upgrade-insecure-requests': '1', 'user-agent': 'Mozilla/5.0 (Windows NT 10.0; Win64; x64) AppleWebKit/537.36 (KHTML, like Gecko) Chrome/142.0.0.0 Safari/537.36', 'accept': 'text/html,application/xhtml+xml,application/xml;q=0.9,image/avif,image/webp,image/apng,*/*;q=0.8,application/signed-exchange;v=b3;q=0.7', 'sec-fetch-site': 'same-origin', 'sec-fetch-mode': 'navigate', 'sec-fetch-user': '?1', 'sec-fetch-dest': 'document', 'accept-encoding': 'gzip, deflate, br, zstd', 'accept-language': 'en-US,en;q=0.9', 'cookie': '_ga=GA1.1.207132816.1746933210; _ga_9M1EVKV2JZ=GS2.1.s1746948994$o2$g1$t1746951968$j0$l0$h0'} | Query Params: {}
2025-12-02 15:44:10,684 - main - INFO - Response: GET http://localhost:8001/docs | Status: 200 | Request ID: ee632421-8452-4309-ab05-3ca446acf5e9
2025-12-02 15:44:11,992 - main - INFO - Request: GET http://localhost:8001/openapi.json | Headers: {'host': 'localhost:8001', 'connection': 'keep-alive', 'sec-ch-ua-platform': '"Windows"', 'user-agent': 'Mozilla/5.0 (Windows NT 10.0; Win64; x64) AppleWebKit/537.36 (KHTML, like Gecko) Chrome/142.0.0.0 Safari/537.36', 'accept': 'application/json,*/*', 'sec-ch-ua': '"Chromium";v="142", "Google Chrome";v="142", "Not_A Brand";v="99"', 'sec-ch-ua-mobile': '?0', 'sec-fetch-site': 'same-origin', 'sec-fetch-mode': 'cors', 'sec-fetch-dest': 'empty', 'referer': 'http://localhost:8001/docs', 'accept-encoding': 'gzip, deflate, br, zstd', 'accept-language': 'en-US,en;q=0.9', 'cookie': '_ga=GA1.1.207132816.1746933210; _ga_9M1EVKV2JZ=GS2.1.s1746948994$o2$g1$t1746951968$j0$l0$h0'} | Query Params: {}
2025-12-02 15:44:12,171 - fastapi - WARNING - email-validator not installed, email fields will be treated as str.
To install, run: pip install email-validator
2025-12-02 15:44:12,612 - main - INFO - Response: GET http://localhost:8001/openapi.json | Status: 200 | Request ID: a4623775-1f95-4513-9dc5-0d6ea19322e4
2025-12-02 15:44:28,569 - main - INFO - Request: GET http://localhost:8001/convert_video_to_pdf?youtube_url=https%3A%2F%2Fwww.youtube.com%2Fwatch%3Fv%3DS6wc6yvoZLY&time_interval=2 | Headers: {'host': 'localhost:8001', 'connection': 'keep-alive', 'sec-ch-ua-platform': '"Windows"', 'user-agent': 'Mozilla/5.0 (Windows NT 10.0; Win64; x64) AppleWebKit/537.36 (KHTML, like Gecko) Chrome/142.0.0.0 Safari/537.36', 'accept': 'application/json', 'sec-ch-ua': '"Chromium";v="142", "Google Chrome";v="142", "Not_A Brand";v="99"', 'sec-ch-ua-mobile': '?0', 'sec-fetch-site': 'same-origin', 'sec-fetch-mode': 'cors', 'sec-fetch-dest': 'empty', 'referer': 'http://localhost:8001/docs', 'accept-encoding': 'gzip, deflate, br, zstd', 'accept-language': 'en-US,en;q=0.9', 'cookie': '_ga=GA1.1.207132816.1746933210; _ga_9M1EVKV2JZ=GS2.1.s1746948994$o2$g1$t1746951968$j0$l0$h0'} | Query Params: {'youtube_url': 'https://www.youtube.com/watch?v=S6wc6yvoZLY', 'time_interval': '2'}
2025-12-02 15:44:28,647 - main - INFO - Starting video to PDF conversion for URL: https://www.youtube.com/watch?v=S6wc6yvoZLY
2025-12-02 15:44:28,698 - main - INFO - Created temporary directory: temp\temp_video_f08bb543
2025-12-02 15:44:43,683 - main - INFO - Video info - Title: AI agents are paying each other now…, Duration: 290s
2025-12-02 15:44:43,695 - main - INFO - Starting video download...
2025-12-02 15:45:07,410 - main - ERROR - Video processing error: Error downloading video: Failed to download video: [0;31mERROR:[0m You have requested merging of multiple formats but ffmpeg is not installed. Aborting due to --abort-on-error
2025-12-02 15:45:07,411 - main - ERROR - Error during cleanup: name 'shutil' is not defined
2025-12-02 15:45:07,413 - asyncio - ERROR - Task exception was never retrieved
future: <Task finished name='Task-12' coro=<background_conversion() done, defined at C:\Users\Hammad\Desktop\Code\Shared Projects\YtGlancer.com\youtube-video-to-pdf-api\main.py:590> exception=VideoDownloadError('Error downloading video: Failed to download video: \x1b[0;31mERROR:\x1b[0m You have requested merging of multiple formats but ffmpeg is not installed. Aborting due to --abort-on-error')>
Traceback (most recent call last):
  File "C:\Users\Hammad\Desktop\Code\Shared Projects\YtGlancer.com\youtube-video-to-pdf-api\main.py", line 454, in download_video_async
    info_dict = ydl.extract_info(youtube_url, download=True)
  File "C:\Users\Hammad\AppData\Local\Programs\Python\Python313\Lib\site-packages\yt_dlp\YoutubeDL.py", line 1685, in extract_info
    return self.__extract_info(url, self.get_info_extractor(key), download, extra_info, process)
           ~~~~~~~~~~~~~~~~~~~^^^^^^^^^^^^^^^^^^^^^^^^^^^^^^^^^^^^^^^^^^^^^^^^^^^^^^^^^^^^^^^^^^
  File "C:\Users\Hammad\AppData\Local\Programs\Python\Python313\Lib\site-packages\yt_dlp\YoutubeDL.py", line 1696, in wrapper
    return func(self, *args, **kwargs)
  File "C:\Users\Hammad\AppData\Local\Programs\Python\Python313\Lib\site-packages\yt_dlp\YoutubeDL.py", line 1852, in __extract_info
    return self.process_ie_result(ie_result, download, extra_info)
           ~~~~~~~~~~~~~~~~~~~~~~^^^^^^^^^^^^^^^^^^^^^^^^^^^^^^^^^
  File "C:\Users\Hammad\AppData\Local\Programs\Python\Python313\Lib\site-packages\yt_dlp\YoutubeDL.py", line 1911, in process_ie_result
    ie_result = self.process_video_result(ie_result, download=download)
  File "C:\Users\Hammad\AppData\Local\Programs\Python\Python313\Lib\site-packages\yt_dlp\YoutubeDL.py", line 3089, in process_video_result
    self.process_info(new_info)
    ~~~~~~~~~~~~~~~~~^^^^^^^^^^
  File "C:\Users\Hammad\AppData\Local\Programs\Python\Python313\Lib\site-packages\yt_dlp\YoutubeDL.py", line 189, in wrapper
    return func(self, *args, **kwargs)
  File "C:\Users\Hammad\AppData\Local\Programs\Python\Python313\Lib\site-packages\yt_dlp\YoutubeDL.py", line 3494, in process_info
    self.report_error(f'{msg}. Aborting due to --abort-on-error')
    ~~~~~~~~~~~~~~~~~^^^^^^^^^^^^^^^^^^^^^^^^^^^^^^^^^^^^^^^^^^^^
  File "C:\Users\Hammad\AppData\Local\Programs\Python\Python313\Lib\site-packages\yt_dlp\YoutubeDL.py", line 1154, in report_error
    self.trouble(f'{self._format_err("ERROR:", self.Styles.ERROR)} {message}', *args, **kwargs)
    ~~~~~~~~~~~~^^^^^^^^^^^^^^^^^^^^^^^^^^^^^^^^^^^^^^^^^^^^^^^^^^^^^^^^^^^^^^^^^^^^^^^^^^^^^^^
  File "C:\Users\Hammad\AppData\Local\Programs\Python\Python313\Lib\site-packages\yt_dlp\YoutubeDL.py", line 1093, in trouble
    raise DownloadError(message, exc_info)
yt_dlp.utils.DownloadError: [0;31mERROR:[0m You have requested merging of multiple formats but ffmpeg is not installed. Aborting due to --abort-on-error

During handling of the above exception, another exception occurred:

Traceback (most recent call last):
  File "C:\Users\Hammad\Desktop\Code\Shared Projects\YtGlancer.com\youtube-video-to-pdf-api\main.py", line 641, in background_conversion
    video_path = await download_video_async(youtube_url, video_folder)
                 ^^^^^^^^^^^^^^^^^^^^^^^^^^^^^^^^^^^^^^^^^^^^^^^^^^^^^
  File "C:\Users\Hammad\Desktop\Code\Shared Projects\YtGlancer.com\youtube-video-to-pdf-api\main.py", line 484, in download_video_async
    raise VideoDownloadError(
    ...<2 lines>...
    )
main.VideoDownloadError: Failed to download video: [0;31mERROR:[0m You have requested merging of multiple formats but ffmpeg is not installed. Aborting due to --abort-on-error

During handling of the above exception, another exception occurred:

Traceback (most recent call last):
  File "C:\Users\Hammad\Desktop\Code\Shared Projects\YtGlancer.com\youtube-video-to-pdf-api\main.py", line 649, in background_conversion
    raise VideoDownloadError(
    ...<2 lines>...
    )
main.VideoDownloadError: Error downloading video: Failed to download video: [0;31mERROR:[0m You have requested merging of multiple formats but ffmpeg is not installed. Aborting due to --abort-on-error
2025-12-02 15:45:07,471 - main - INFO - Response: GET http://localhost:8001/convert_video_to_pdf?youtube_url=https%3A%2F%2Fwww.youtube.com%2Fwatch%3Fv%3DS6wc6yvoZLY&time_interval=2 | Status: 200 | Request ID: eaf85588-a1ff-4ed1-b1a0-bd610a0da929
2025-12-02 16:03:10,892 - main - INFO - Request: GET http://localhost:8001/convert_video_to_pdf?youtube_url=https%3A%2F%2Fwww.youtube.com%2Fwatch%3Fv%3DS6wc6yvoZLY&time_interval=2 | Headers: {'host': 'localhost:8001', 'connection': 'keep-alive', 'sec-ch-ua-platform': '"Windows"', 'user-agent': 'Mozilla/5.0 (Windows NT 10.0; Win64; x64) AppleWebKit/537.36 (KHTML, like Gecko) Chrome/142.0.0.0 Safari/537.36', 'accept': 'application/json', 'sec-ch-ua': '"Chromium";v="142", "Google Chrome";v="142", "Not_A Brand";v="99"', 'sec-ch-ua-mobile': '?0', 'sec-fetch-site': 'same-origin', 'sec-fetch-mode': 'cors', 'sec-fetch-dest': 'empty', 'referer': 'http://localhost:8001/docs', 'accept-encoding': 'gzip, deflate, br, zstd', 'accept-language': 'en-US,en;q=0.9', 'cookie': '_ga=GA1.1.207132816.1746933210; _ga_9M1EVKV2JZ=GS2.1.s1746948994$o2$g1$t1746951968$j0$l0$h0'} | Query Params: {'youtube_url': 'https://www.youtube.com/watch?v=S6wc6yvoZLY', 'time_interval': '2'}
2025-12-02 16:03:10,924 - main - INFO - Starting video to PDF conversion for URL: https://www.youtube.com/watch?v=S6wc6yvoZLY
2025-12-02 16:03:10,959 - main - INFO - Created temporary directory: temp\temp_video_95079f00
2025-12-02 16:03:20,257 - main - INFO - Video info - Title: AI agents are paying each other now…, Duration: 290s
2025-12-02 16:03:20,275 - main - INFO - Starting video download...
2025-12-02 16:03:42,640 - main - ERROR - Video processing error: Error downloading video: Failed to download video: [0;31mERROR:[0m You have requested merging of multiple formats but ffmpeg is not installed. Aborting due to --abort-on-error
2025-12-02 16:03:42,647 - main - ERROR - Error during cleanup: name 'shutil' is not defined
2025-12-02 16:03:42,649 - asyncio - ERROR - Task exception was never retrieved
future: <Task finished name='Task-16' coro=<background_conversion() done, defined at C:\Users\Hammad\Desktop\Code\Shared Projects\YtGlancer.com\youtube-video-to-pdf-api\main.py:590> exception=VideoDownloadError('Error downloading video: Failed to download video: \x1b[0;31mERROR:\x1b[0m You have requested merging of multiple formats but ffmpeg is not installed. Aborting due to --abort-on-error')>
Traceback (most recent call last):
  File "C:\Users\Hammad\Desktop\Code\Shared Projects\YtGlancer.com\youtube-video-to-pdf-api\main.py", line 454, in download_video_async
    info_dict = ydl.extract_info(youtube_url, download=True)
  File "C:\Users\Hammad\AppData\Local\Programs\Python\Python313\Lib\site-packages\yt_dlp\YoutubeDL.py", line 1685, in extract_info
    return self.__extract_info(url, self.get_info_extractor(key), download, extra_info, process)
           ~~~~~~~~~~~~~~~~~~~^^^^^^^^^^^^^^^^^^^^^^^^^^^^^^^^^^^^^^^^^^^^^^^^^^^^^^^^^^^^^^^^^^
  File "C:\Users\Hammad\AppData\Local\Programs\Python\Python313\Lib\site-packages\yt_dlp\YoutubeDL.py", line 1696, in wrapper
    return func(self, *args, **kwargs)
  File "C:\Users\Hammad\AppData\Local\Programs\Python\Python313\Lib\site-packages\yt_dlp\YoutubeDL.py", line 1852, in __extract_info
    return self.process_ie_result(ie_result, download, extra_info)
           ~~~~~~~~~~~~~~~~~~~~~~^^^^^^^^^^^^^^^^^^^^^^^^^^^^^^^^^
  File "C:\Users\Hammad\AppData\Local\Programs\Python\Python313\Lib\site-packages\yt_dlp\YoutubeDL.py", line 1911, in process_ie_result
    ie_result = self.process_video_result(ie_result, download=download)
  File "C:\Users\Hammad\AppData\Local\Programs\Python\Python313\Lib\site-packages\yt_dlp\YoutubeDL.py", line 3089, in process_video_result
    self.process_info(new_info)
    ~~~~~~~~~~~~~~~~~^^^^^^^^^^
  File "C:\Users\Hammad\AppData\Local\Programs\Python\Python313\Lib\site-packages\yt_dlp\YoutubeDL.py", line 189, in wrapper
    return func(self, *args, **kwargs)
  File "C:\Users\Hammad\AppData\Local\Programs\Python\Python313\Lib\site-packages\yt_dlp\YoutubeDL.py", line 3494, in process_info
    self.report_error(f'{msg}. Aborting due to --abort-on-error')
    ~~~~~~~~~~~~~~~~~^^^^^^^^^^^^^^^^^^^^^^^^^^^^^^^^^^^^^^^^^^^^
  File "C:\Users\Hammad\AppData\Local\Programs\Python\Python313\Lib\site-packages\yt_dlp\YoutubeDL.py", line 1154, in report_error
    self.trouble(f'{self._format_err("ERROR:", self.Styles.ERROR)} {message}', *args, **kwargs)
    ~~~~~~~~~~~~^^^^^^^^^^^^^^^^^^^^^^^^^^^^^^^^^^^^^^^^^^^^^^^^^^^^^^^^^^^^^^^^^^^^^^^^^^^^^^^
  File "C:\Users\Hammad\AppData\Local\Programs\Python\Python313\Lib\site-packages\yt_dlp\YoutubeDL.py", line 1093, in trouble
    raise DownloadError(message, exc_info)
yt_dlp.utils.DownloadError: [0;31mERROR:[0m You have requested merging of multiple formats but ffmpeg is not installed. Aborting due to --abort-on-error

During handling of the above exception, another exception occurred:

Traceback (most recent call last):
  File "C:\Users\Hammad\Desktop\Code\Shared Projects\YtGlancer.com\youtube-video-to-pdf-api\main.py", line 641, in background_conversion
    video_path = await download_video_async(youtube_url, video_folder)
                 ^^^^^^^^^^^^^^^^^^^^^^^^^^^^^^^^^^^^^^^^^^^^^^^^^^^^^
  File "C:\Users\Hammad\Desktop\Code\Shared Projects\YtGlancer.com\youtube-video-to-pdf-api\main.py", line 484, in download_video_async
    raise VideoDownloadError(
    ...<2 lines>...
    )
main.VideoDownloadError: Failed to download video: [0;31mERROR:[0m You have requested merging of multiple formats but ffmpeg is not installed. Aborting due to --abort-on-error

During handling of the above exception, another exception occurred:

Traceback (most recent call last):
  File "C:\Users\Hammad\Desktop\Code\Shared Projects\YtGlancer.com\youtube-video-to-pdf-api\main.py", line 649, in background_conversion
    raise VideoDownloadError(
    ...<2 lines>...
    )
main.VideoDownloadError: Error downloading video: Failed to download video: [0;31mERROR:[0m You have requested merging of multiple formats but ffmpeg is not installed. Aborting due to --abort-on-error
2025-12-02 16:03:42,880 - main - INFO - Response: GET http://localhost:8001/convert_video_to_pdf?youtube_url=https%3A%2F%2Fwww.youtube.com%2Fwatch%3Fv%3DS6wc6yvoZLY&time_interval=2 | Status: 200 | Request ID: fdca60cc-2a37-4890-942c-a00d9ec5033a
2025-12-02 16:13:22,212 - main - INFO - Request: GET http://localhost:8001/docs | Headers: {'host': 'localhost:8001', 'connection': 'keep-alive', 'cache-control': 'max-age=0', 'sec-ch-ua': '"Chromium";v="142", "Google Chrome";v="142", "Not_A Brand";v="99"', 'sec-ch-ua-mobile': '?0', 'sec-ch-ua-platform': '"Windows"', 'upgrade-insecure-requests': '1', 'user-agent': 'Mozilla/5.0 (Windows NT 10.0; Win64; x64) AppleWebKit/537.36 (KHTML, like Gecko) Chrome/142.0.0.0 Safari/537.36', 'accept': 'text/html,application/xhtml+xml,application/xml;q=0.9,image/avif,image/webp,image/apng,*/*;q=0.8,application/signed-exchange;v=b3;q=0.7', 'sec-fetch-site': 'same-origin', 'sec-fetch-mode': 'navigate', 'sec-fetch-user': '?1', 'sec-fetch-dest': 'document', 'accept-encoding': 'gzip, deflate, br, zstd', 'accept-language': 'en-US,en;q=0.9', 'cookie': '_ga=GA1.1.207132816.1746933210; _ga_9M1EVKV2JZ=GS2.1.s1746948994$o2$g1$t1746951968$j0$l0$h0'} | Query Params: {}
2025-12-02 16:13:22,380 - main - INFO - Response: GET http://localhost:8001/docs | Status: 200 | Request ID: 5b4042c0-2b77-415e-95cf-a7952b48d314
2025-12-02 16:13:23,615 - main - INFO - Request: GET http://localhost:8001/openapi.json | Headers: {'host': 'localhost:8001', 'connection': 'keep-alive', 'sec-ch-ua-platform': '"Windows"', 'user-agent': 'Mozilla/5.0 (Windows NT 10.0; Win64; x64) AppleWebKit/537.36 (KHTML, like Gecko) Chrome/142.0.0.0 Safari/537.36', 'accept': 'application/json,*/*', 'sec-ch-ua': '"Chromium";v="142", "Google Chrome";v="142", "Not_A Brand";v="99"', 'sec-ch-ua-mobile': '?0', 'sec-fetch-site': 'same-origin', 'sec-fetch-mode': 'cors', 'sec-fetch-dest': 'empty', 'referer': 'http://localhost:8001/docs', 'accept-encoding': 'gzip, deflate, br, zstd', 'accept-language': 'en-US,en;q=0.9', 'cookie': '_ga=GA1.1.207132816.1746933210; _ga_9M1EVKV2JZ=GS2.1.s1746948994$o2$g1$t1746951968$j0$l0$h0'} | Query Params: {}
2025-12-02 16:13:23,738 - main - INFO - Response: GET http://localhost:8001/openapi.json | Status: 200 | Request ID: cd8a33e0-b3c9-4732-95ab-8d44fc04b9ba
