2025-12-02 16:52:12,750 - main - INFO - Request: GET http://localhost:8000/docs | Headers: {'host': 'localhost:8000', 'connection': 'keep-alive', 'cache-control': 'max-age=0', 'sec-ch-ua': '"Chromium";v="142", "Google Chrome";v="142", "Not_A Brand";v="99"', 'sec-ch-ua-mobile': '?0', 'sec-ch-ua-platform': '"Windows"', 'upgrade-insecure-requests': '1', 'user-agent': 'Mozilla/5.0 (Windows NT 10.0; Win64; x64) AppleWebKit/537.36 (KHTML, like Gecko) Chrome/142.0.0.0 Safari/537.36', 'accept': 'text/html,application/xhtml+xml,application/xml;q=0.9,image/avif,image/webp,image/apng,*/*;q=0.8,application/signed-exchange;v=b3;q=0.7', 'sec-fetch-site': 'none', 'sec-fetch-mode': 'navigate', 'sec-fetch-user': '?1', 'sec-fetch-dest': 'document', 'accept-encoding': 'gzip, deflate, br, zstd', 'accept-language': 'en-US,en;q=0.9', 'cookie': '_ga=GA1.1.207132816.1746933210; _ga_9M1EVKV2JZ=GS2.1.s1746948994$o2$g1$t1746951968$j0$l0$h0'} | Query Params: {}
2025-12-02 16:52:12,752 - main - INFO - Response: GET http://localhost:8000/docs | Status: 200 | Request ID: bcd0d283-6eb2-45f5-ad4f-53282a7e1f38
2025-12-02 16:52:13,083 - main - INFO - Request: GET http://localhost:8000/openapi.json | Headers: {'host': 'localhost:8000', 'connection': 'keep-alive', 'sec-ch-ua-platform': '"Windows"', 'user-agent': 'Mozilla/5.0 (Windows NT 10.0; Win64; x64) AppleWebKit/537.36 (KHTML, like Gecko) Chrome/142.0.0.0 Safari/537.36', 'accept': 'application/json,*/*', 'sec-ch-ua': '"Chromium";v="142", "Google Chrome";v="142", "Not_A Brand";v="99"', 'sec-ch-ua-mobile': '?0', 'sec-fetch-site': 'same-origin', 'sec-fetch-mode': 'cors', 'sec-fetch-dest': 'empty', 'referer': 'http://localhost:8000/docs', 'accept-encoding': 'gzip, deflate, br, zstd', 'accept-language': 'en-US,en;q=0.9', 'cookie': '_ga=GA1.1.207132816.1746933210; _ga_9M1EVKV2JZ=GS2.1.s1746948994$o2$g1$t1746951968$j0$l0$h0'} | Query Params: {}
2025-12-02 16:52:13,136 - fastapi - WARNING - email-validator not installed, email fields will be treated as str.
To install, run: pip install email-validator
2025-12-02 16:52:13,152 - main - INFO - Response: GET http://localhost:8000/openapi.json | Status: 200 | Request ID: 670082c5-3f2a-4b43-80ac-83a91691f417
2025-12-02 16:52:32,860 - main - INFO - Request: GET http://localhost:8000/convert_video_to_pdf?youtube_url=https%3A%2F%2Fwww.youtube.com%2Fwatch%3Fv%3DS6wc6yvoZLY&time_interval=2 | Headers: {'host': 'localhost:8000', 'connection': 'keep-alive', 'sec-ch-ua-platform': '"Windows"', 'user-agent': 'Mozilla/5.0 (Windows NT 10.0; Win64; x64) AppleWebKit/537.36 (KHTML, like Gecko) Chrome/142.0.0.0 Safari/537.36', 'accept': 'application/json', 'sec-ch-ua': '"Chromium";v="142", "Google Chrome";v="142", "Not_A Brand";v="99"', 'sec-ch-ua-mobile': '?0', 'sec-fetch-site': 'same-origin', 'sec-fetch-mode': 'cors', 'sec-fetch-dest': 'empty', 'referer': 'http://localhost:8000/docs', 'accept-encoding': 'gzip, deflate, br, zstd', 'accept-language': 'en-US,en;q=0.9', 'cookie': '_ga=GA1.1.207132816.1746933210; _ga_9M1EVKV2JZ=GS2.1.s1746948994$o2$g1$t1746951968$j0$l0$h0'} | Query Params: {'youtube_url': 'https://www.youtube.com/watch?v=S6wc6yvoZLY', 'time_interval': '2'}
2025-12-02 16:52:32,876 - main - INFO - Starting video to PDF conversion for URL: https://www.youtube.com/watch?v=S6wc6yvoZLY
2025-12-02 16:52:32,880 - main - INFO - Created temporary directory: temp\temp_video_de414175
2025-12-02 16:52:39,231 - main - INFO - Video info - Title: AI agents are paying each other now…, Duration: 290s
2025-12-02 16:52:39,238 - main - INFO - Starting video download...
2025-12-02 16:53:09,027 - main - INFO - Downloaded video: temp\temp_video_de414175\video.mp4 (Size: 11.49MB)
2025-12-02 16:53:09,039 - main - INFO - Video downloaded successfully: temp\temp_video_de414175\video.mp4
2025-12-02 16:53:09,040 - main - INFO - Extracting frames...
2025-12-02 16:53:09,043 - main - INFO - Response: GET http://localhost:8000/convert_video_to_pdf?youtube_url=https%3A%2F%2Fwww.youtube.com%2Fwatch%3Fv%3DS6wc6yvoZLY&time_interval=2 | Status: 200 | Request ID: 4fddfc2f-c232-47e5-a9b2-02674cab76ac
2025-12-02 16:54:24,607 - main - INFO - Extracted 152 frames
2025-12-02 16:54:24,610 - main - INFO - Creating PDF...
2025-12-02 16:54:24,611 - main - ERROR - Video processing error: Error generating PDF: name 'FPDF' is not defined
2025-12-02 16:54:24,613 - main - ERROR - Error during cleanup: name 'shutil' is not defined
2025-12-02 16:54:24,614 - asyncio - ERROR - Task exception was never retrieved
future: <Task finished name='Task-9' coro=<background_conversion() done, defined at C:\Users\Hammad\Desktop\Code\Shared Projects\YtGlancer.com\youtube-video-to-pdf-api\main.py:644> exception=PDFGenerationError("Error generating PDF: name 'FPDF' is not defined")>
Traceback (most recent call last):
  File "C:\Users\Hammad\Desktop\Code\Shared Projects\YtGlancer.com\youtube-video-to-pdf-api\main.py", line 731, in background_conversion
    pdf_file = await create_pdf_async(video_folder, video_title)
               ^^^^^^^^^^^^^^^^^^^^^^^^^^^^^^^^^^^^^^^^^^^^^^^^^
  File "C:\Users\Hammad\Desktop\Code\Shared Projects\YtGlancer.com\youtube-video-to-pdf-api\main.py", line 563, in create_pdf_async
    pdf_file = await loop.run_in_executor(
               ^^^^^^^^^^^^^^^^^^^^^^^^^^^
    ...<4 lines>...
    )
    ^
  File "C:\Users\Hammad\AppData\Local\Programs\Python\Python313\Lib\concurrent\futures\thread.py", line 59, in run
    result = self.fn(*self.args, **self.kwargs)
  File "C:\Users\Hammad\Desktop\Code\Shared Projects\YtGlancer.com\youtube-video-to-pdf-api\main.py", line 431, in create_pdf_from_frames
    pdf = FPDF(format='A4')  # Adjust format as needed
          ^^^^
NameError: name 'FPDF' is not defined

During handling of the above exception, another exception occurred:

Traceback (most recent call last):
  File "C:\Users\Hammad\Desktop\Code\Shared Projects\YtGlancer.com\youtube-video-to-pdf-api\main.py", line 739, in background_conversion
    raise PDFGenerationError(
    ...<2 lines>...
    )
main.PDFGenerationError: Error generating PDF: name 'FPDF' is not defined
